2026-09-25 12:38:17.716 [] [] [] [] [main] INFO  o.s.d.r.c.RepositoryConfigurationDelegate - Multiple Spring Data modules found, entering strict repository configuration mode!
2026-09-25 12:38:17.717 [] [] [] [] [main] INFO  o.s.d.r.c.RepositoryConfigurationDelegate - Bootstrapping Spring Data Redis repositories in DEFAULT mode.
2026-09-25 12:38:17.738 [] [] [] [] [main] INFO  o.s.d.r.c.RepositoryConfigurationDelegate - Finished Spring Data repository scanning in 14 ms. Found 0 Redis repository interfaces.
2026-09-25 12:38:17.987 [] [] [] [] [main] INFO  o.s.c.s.PostProcessorRegistrationDelegate$BeanPostProcessorChecker - Bean 'mybatis-org.mybatis.spring.boot.autoconfigure.MybatisProperties' of type [org.mybatis.spring.boot.autoconfigure.MybatisProperties] is not eligible for getting processed by all BeanPostProcessors (for example: not eligible for auto-proxying)
2026-09-25 12:38:17.990 [] [] [] [] [main] INFO  o.s.c.s.PostProcessorRegistrationDelegate$BeanPostProcessorChecker - Bean 'org.mybatis.spring.boot.autoconfigure.MybatisAutoConfiguration' of type [org.mybatis.spring.boot.autoconfigure.MybatisAutoConfiguration$$EnhancerBySpringCGLIB$$e55aefa7] is not eligible for getting processed by all BeanPostProcessors (for example: not eligible for auto-proxying)
2026-09-25 12:38:17.991 [] [] [] [] [main] INFO  o.s.c.s.PostProcessorRegistrationDelegate$BeanPostProcessorChecker - Bean 'org.springframework.boot.autoconfigure.jdbc.DataSourceConfiguration$Hikari' of type [org.springframework.boot.autoconfigure.jdbc.DataSourceConfiguration$Hikari] is not eligible for getting processed by all BeanPostProcessors (for example: not eligible for auto-proxying)
2026-09-25 12:38:17.995 [] [] [] [] [main] INFO  o.s.c.s.PostProcessorRegistrationDelegate$BeanPostProcessorChecker - Bean 'spring.datasource-org.springframework.boot.autoconfigure.jdbc.DataSourceProperties' of type [org.springframework.boot.autoconfigure.jdbc.DataSourceProperties] is not eligible for getting processed by all BeanPostProcessors (for example: not eligible for auto-proxying)
2026-09-25 12:38:18.004 [] [] [] [] [main] INFO  o.s.c.s.PostProcessorRegistrationDelegate$BeanPostProcessorChecker - Bean 'dataSource' of type [com.zaxxer.hikari.HikariDataSource] is not eligible for getting processed by all BeanPostProcessors (for example: not eligible for auto-proxying)
2026-09-25 12:38:18.133 [] [] [] [] [main] INFO  o.s.c.s.PostProcessorRegistrationDelegate$BeanPostProcessorChecker - Bean 'sqlSessionFactory' of type [org.apache.ibatis.session.defaults.DefaultSqlSessionFactory] is not eligible for getting processed by all BeanPostProcessors (for example: not eligible for auto-proxying)
2026-09-25 12:38:18.135 [] [] [] [] [main] INFO  o.s.c.s.PostProcessorRegistrationDelegate$BeanPostProcessorChecker - Bean 'sqlSessionTemplate' of type [org.mybatis.spring.SqlSessionTemplate] is not eligible for getting processed by all BeanPostProcessors (for example: not eligible for auto-proxying)
2026-09-25 12:38:18.138 [] [] [] [] [main] INFO  o.s.c.s.PostProcessorRegistrationDelegate$BeanPostProcessorChecker - Bean 'configMapper' of type [org.mybatis.spring.mapper.MapperFactoryBean] is not eligible for getting processed by all BeanPostProcessors (for example: not eligible for auto-proxying)
2026-09-25 12:38:18.138 [] [] [] [] [main] INFO  o.s.c.s.PostProcessorRegistrationDelegate$BeanPostProcessorChecker - Bean 'configMapper' of type [com.sun.proxy.$Proxy97] is not eligible for getting processed by all BeanPostProcessors (for example: not eligible for auto-proxying)
2026-09-25 12:38:18.139 [] [] [] [] [main] INFO  o.s.c.s.PostProcessorRegistrationDelegate$BeanPostProcessorChecker - Bean 'configServiceImpl' of type [com.abc.resume.system.service.impl.ConfigServiceImpl] is not eligible for getting processed by all BeanPostProcessors (for example: not eligible for auto-proxying)
2026-09-25 12:38:18.261 [] [] [] [] [main] INFO  o.s.b.w.e.tomcat.TomcatWebServer - Tomcat initialized with port(s): 11000 (http)
2026-09-25 12:38:18.356 [] [] [] [] [main] INFO  o.s.b.w.s.c.ServletWebServerApplicationContext - Root WebApplicationContext: initialization completed in 1155 ms
2026-09-25 12:38:18.601 [] [] [] [] [main] INFO  o.s.s.web.DefaultSecurityFilterChain - Will secure any request with [org.springframework.security.web.context.request.async.WebAsyncManagerIntegrationFilter@7740b0ab, org.springframework.security.web.context.SecurityContextPersistenceFilter@a95cb11, org.springframework.security.web.header.HeaderWriterFilter@756c67cd, org.springframework.web.filter.CorsFilter@4d25f816, org.springframework.security.web.authentication.logout.LogoutFilter@22aee519, org.springframework.web.filter.CorsFilter@4d25f816, com.abc.resume.security.filter.JwtTokenFilter@2b458cd6, org.springframework.security.web.savedrequest.RequestCacheAwareFilter@2513155a, org.springframework.security.web.servletapi.SecurityContextHolderAwareRequestFilter@6313b441, org.springframework.security.web.authentication.AnonymousAuthenticationFilter@3eb9c575, org.springframework.security.web.session.SessionManagementFilter@2e204155, org.springframework.security.web.access.ExceptionTranslationFilter@3a2bb026, org.springframework.security.web.access.intercept.AuthorizationFilter@65fc8edc]
2026-09-25 12:38:19.145 [] [] [] [] [main] INFO  o.s.b.a.e.web.EndpointLinksResolver - Exposing 1 endpoint(s) beneath base path '/actuator'
2026-09-25 12:38:19.182 [] [] [] [] [main] INFO  o.s.b.w.e.tomcat.TomcatWebServer - Tomcat started on port(s): 11000 (http) with context path ''
2026-09-25 12:38:20.490 [] [] [] [] [RMI TCP Connection(6)-26.165.251.19] INFO  o.s.web.servlet.DispatcherServlet - Initializing Servlet 'dispatcherServlet'
2026-09-25 12:38:20.491 [] [] [] [] [RMI TCP Connection(6)-26.165.251.19] INFO  o.s.web.servlet.DispatcherServlet - Completed initialization in 1 ms
